[{'speech.earliest_timestamp': '12:48:00', 'average_wpm': 161.34031413612567}]

Running time 10.3564453125 ms

+---------------------------+--------------------+
| speech.earliest_timestamp |    average_wpm     |
+---------------------------+--------------------+
|          12:48:00         | 161.34031413612567 |
+---------------------------+--------------------+
