[{'speech.person_id': 'HubertLang.1969', 'average_wpm': 161.41698165379293}, {'speech.person_id': 'PavelBlazek.1969', 'average_wpm': 158.97911562369416}, {'speech.person_id': 'PetrDolinek.1981', 'average_wpm': 158.30039783796744}, {'speech.person_id': 'OndrejVesely.1976', 'average_wpm': 158.10500409292203}, {'speech.person_id': 'BronislavSchwarz.1966', 'average_wpm': 157.14088727252556}, {'speech.person_id': 'LukasWagenknecht', 'average_wpm': 155.23762539056077}, {'speech.person_id': 'JaroslavBzoch.1983', 'average_wpm': 152.54676361269722}, {'speech.person_id': 'IvanAdamec.1960', 'average_wpm': 151.18225768975364}, {'speech.person_id': 'MikulasPeksa.1986', 'average_wpm': 151.14543689902007}, {'speech.person_id': 'JaroslavMartinu.1959', 'average_wpm': 150.94729800606632}]

+-----------------------+--------------------+
|    speech.person_id   |    average_wpm     |
+-----------------------+--------------------+
|    HubertLang.1969    | 161.41698165379293 |
|    PavelBlazek.1969   | 158.97911562369416 |
|    PetrDolinek.1981   | 158.30039783796744 |
|   OndrejVesely.1976   | 158.10500409292203 |
| BronislavSchwarz.1966 | 157.14088727252556 |
|    LukasWagenknecht   | 155.23762539056077 |
|   JaroslavBzoch.1983  | 152.54676361269722 |
|    IvanAdamec.1960    | 151.18225768975364 |
|   MikulasPeksa.1986   | 151.14543689902007 |
|  JaroslavMartinu.1959 | 150.94729800606632 |
+-----------------------+--------------------+
