[{'person.sex': '', 'average_tokens': 479.80645161290323}, {'person.sex': 'M', 'average_tokens': 153.0463362811891}, {'person.sex': 'F', 'average_tokens': 168.76321723135348}]

+------------+--------------------+
| person.sex |   average_tokens   |
+------------+--------------------+
|            | 479.80645161290323 |
|     M      | 153.0463362811891  |
|     F      | 168.76321723135348 |
+------------+--------------------+
