[{'person.person_id': 'AndrejBabis.1954', 'persName.forename': 'Andrej', 'persName.surname': 'Babiš', 'total_speeches': 59}, {'person.person_id': 'VeraJourova.1964', 'persName.forename': 'Věra', 'persName.surname': 'Jourová', 'total_speeches': 2}]

Running time 6.149658203125 ms

+------------------+-------------------+------------------+----------------+
| person.person_id | persName.forename | persName.surname | total_speeches |
+------------------+-------------------+------------------+----------------+
| AndrejBabis.1954 |       Andrej      |      Babiš       |       59       |
| VeraJourova.1964 |        Věra       |     Jourová      |       2        |
+------------------+-------------------+------------------+----------------+
