---SPEECH---
ID: ps2013-001-01-000-999.u1
author: #MiroslavaNemcova.1952
role: #chair
when: 2013-11-25
tokens: 175
sentences: 12
named entity refferences: 18
total duration: 0
total spoken: 0
time silent: 0
time unknown: 0
unaligned tokens: 175
earliest timeline: None
latest timeline: None

