---SPEECH---
ID: timestampsMultipleSpeeches.u1
author: #personX
role: #roleX
when: 2013-11-25
tokens: 13
sentences: 1
named entity refferences: 2
total duration: 1040.0
total spoken: 700.0
time silent: 340.0
time unknown: 0
unaligned tokens: 0
earliest timeline: 14:49:00
latest timeline: 14:49:00
time start: 14:50:40
time end: 14:50:41---SPEECH---
ID: timestampsMultipleSpeeches.u2
author: #personY
role: #roleY
when: 2013-11-25
tokens: 13
sentences: 1
named entity refferences: 2
total duration: 1040.0
total spoken: 650.0
time silent: 290.0
time unknown: 100.0
unaligned tokens: 1
earliest timeline: 14:49:00
latest timeline: 14:49:00
time start: 14:50:40
time end: 14:50:41