---SPEECH---
ID: ps2013-001-01-002-002.u1
author: #MiroslavaNemcova.1952
role: #chair
when: 2013-11-25
tokens: 148
sentences: 12
named entity refferences: 11
total duration: 143120.0
total spoken: 58880.0
time silent: 12440.0
time unknown: 71800.0
unaligned tokens: 17
earliest timeline: 2013-11-25T13:58:00
latest timeline: 2013-11-25T13:58:00
---SPEECH---
ID: ps2013-001-01-002-002.u3
author: #MiroslavaNemcova.1952
role: #chair
when: 2013-11-25
tokens: 49
sentences: 3
named entity refferences: 5
total duration: 68900.0
total spoken: 22930.0
time silent: 11510.0
time unknown: 34460.0
unaligned tokens: 1
earliest timeline: 2013-11-25T14:38:00
latest timeline: 2013-11-25T14:38:00
---SPEECH---
ID: ps2013-001-01-002-002.u2
author: #LubomirZaoralek.1956
role: #regular
when: 2013-11-25
tokens: 877
sentences: 206
named entity refferences: 604
total duration: 1865080.0
total spoken: 323020.0
time silent: 1209490.0
time unknown: 332570.0
unaligned tokens: 161
earliest timeline: 2013-11-25T13:58:00
latest timeline: 2013-11-25T14:38:00

