---SPEECH---
ID: ps2013-001-01-000-999.u1
author: #MiroslavaNemcova.1952
role: #chair
when: 2013-11-25
tokens: 25
sentences: 12
named entity refferences: 18
total duration: 172760.0
total spoken: 15200.0
time silent: 68160.0
time unknown: 89400.0
unaligned tokens: 1
earliest timeline: 2013-11-25T13:58:00
latest timeline: 2013-11-25T13:58:00

